
> ranobe-gemini@4.0.0 build
> node dev/build.js

≡ƒôé Generating handler registry...
Γ£à Handler registry updated: 6 handler(s) registered.

≡ƒö¿ Building for firefox...
Γ£à Generated manifest.json
Γ£à Copied icons/
Γ£à Copied popup/
Γ£à Copied background/
Γ£à Copied content/
Γ£à Copied config/
Γ£à Copied utils/
Γ£à Copied library/
Γ£à Copied lib/
Γ£¿ firefox build complete.

≡ƒö¿ Building for chromium...
Γ£à Generated manifest.json
Γ£à Copied icons/
Γ£à Copied popup/
Γ£à Copied background/
Γ£à Copied content/
Γ£à Copied config/
Γ£à Copied utils/
Γ£à Copied library/
Γ£à Copied lib/
Γ£¿ chromium build complete.

≡ƒÅü Build process finished.
